#-----------------------------------------------------------
# Vivado v2024.1 (64-bit)
# SW Build 5076996 on Wed May 22 18:37:14 MDT 2024
# IP Build 5075265 on Wed May 22 21:45:21 MDT 2024
# SharedData Build 5076995 on Wed May 22 18:29:18 MDT 2024
# Start of session at: Sun Aug 11 11:46:38 2024
# Process ID: 18904
# Current directory: C:/Users/Adarsh Venugopal/Desktop/SEM 5/ELECTRONIC SYSTEM LEVEL DESIGN AND VERIFICATION/2_bit_UpDown_OneHot/2_bit_UpDown_OneHot.runs/synth_1
# Command line: vivado.exe -log top_module.vds -product Vivado -mode batch -messageDb vivado.pb -notrace -source top_module.tcl
# Log file: C:/Users/Adarsh Venugopal/Desktop/SEM 5/ELECTRONIC SYSTEM LEVEL DESIGN AND VERIFICATION/2_bit_UpDown_OneHot/2_bit_UpDown_OneHot.runs/synth_1/top_module.vds
# Journal file: C:/Users/Adarsh Venugopal/Desktop/SEM 5/ELECTRONIC SYSTEM LEVEL DESIGN AND VERIFICATION/2_bit_UpDown_OneHot/2_bit_UpDown_OneHot.runs/synth_1\vivado.jou
# Running On        :DESKTOP-9JRQ63P
# Platform          :Windows Server 2016 or Windows 10
# Operating System  :22631
# Processor Detail  :12th Gen Intel(R) Core(TM) i7-1260P
# CPU Frequency     :2496 MHz
# CPU Physical cores:12
# CPU Logical cores :16
# Host memory       :16890 MB
# Swap memory       :9413 MB
# Total Virtual     :26304 MB
# Available Virtual :3661 MB
#-----------------------------------------------------------
source top_module.tcl -notrace
