#-----------------------------------------------------------
# Vivado v2024.1 (64-bit)
# SW Build 5076996 on Wed May 22 18:37:14 MDT 2024
# IP Build 5075265 on Wed May 22 21:45:21 MDT 2024
# SharedData Build 5076995 on Wed May 22 18:29:18 MDT 2024
# Start of session at: Sat Aug 10 22:45:11 2024
# Process ID: 34100
# Current directory: C:/Users/Adarsh Venugopal/Desktop/SEM 5/ELECTRONIC SYSTEM LEVEL DESIGN AND VERIFICATION/4X1_MUX/4X1_MUX.runs/synth_1
# Command line: vivado.exe -log Top_Module.vds -product Vivado -mode batch -messageDb vivado.pb -notrace -source Top_Module.tcl
# Log file: C:/Users/Adarsh Venugopal/Desktop/SEM 5/ELECTRONIC SYSTEM LEVEL DESIGN AND VERIFICATION/4X1_MUX/4X1_MUX.runs/synth_1/Top_Module.vds
# Journal file: C:/Users/Adarsh Venugopal/Desktop/SEM 5/ELECTRONIC SYSTEM LEVEL DESIGN AND VERIFICATION/4X1_MUX/4X1_MUX.runs/synth_1\vivado.jou
# Running On        :DESKTOP-9JRQ63P
# Platform          :Windows Server 2016 or Windows 10
# Operating System  :22631
# Processor Detail  :12th Gen Intel(R) Core(TM) i7-1260P
# CPU Frequency     :2496 MHz
# CPU Physical cores:12
# CPU Logical cores :16
# Host memory       :16890 MB
# Swap memory       :8321 MB
# Total Virtual     :25212 MB
# Available Virtual :4720 MB
#-----------------------------------------------------------
source Top_Module.tcl -notrace
