#-----------------------------------------------------------
# Vivado v2024.1 (64-bit)
# SW Build 5076996 on Wed May 22 18:37:14 MDT 2024
# IP Build 5075265 on Wed May 22 21:45:21 MDT 2024
# SharedData Build 5076995 on Wed May 22 18:29:18 MDT 2024
# Start of session at: Sun Oct  6 11:30:19 2024
# Process ID: 5220
# Current directory: C:/Users/Adarsh Venugopal/Desktop/SEM 5/ELECTRONIC SYSTEM LEVEL DESIGN AND VERIFICATION/pynq_counter/pynq_counter.runs/synth_1
# Command line: vivado.exe -log design_1_wrapper.vds -product Vivado -mode batch -messageDb vivado.pb -notrace -source design_1_wrapper.tcl
# Log file: C:/Users/Adarsh Venugopal/Desktop/SEM 5/ELECTRONIC SYSTEM LEVEL DESIGN AND VERIFICATION/pynq_counter/pynq_counter.runs/synth_1/design_1_wrapper.vds
# Journal file: C:/Users/Adarsh Venugopal/Desktop/SEM 5/ELECTRONIC SYSTEM LEVEL DESIGN AND VERIFICATION/pynq_counter/pynq_counter.runs/synth_1\vivado.jou
# Running On        :DESKTOP-9JRQ63P
# Platform          :Windows Server 2016 or Windows 10
# Operating System  :22631
# Processor Detail  :12th Gen Intel(R) Core(TM) i7-1260P
# CPU Frequency     :2496 MHz
# CPU Physical cores:12
# CPU Logical cores :16
# Host memory       :16890 MB
# Swap memory       :6679 MB
# Total Virtual     :23570 MB
# Available Virtual :4035 MB
#-----------------------------------------------------------
source design_1_wrapper.tcl -notrace
